// Jest Snapshot v1, https://goo.gl/fbAQLP

exports[`renders without crashing renders properly 1`] = `ShallowWrapper {}`;
